// Jest Snapshot v1, https://goo.gl/fbAQLP

exports[`should test Account component 1`] = `<ac />`;
