// Jest Snapshot v1, https://goo.gl/fbAQLP

exports[`should test App component 1`] = `
<div>
  <p>
    Hi
  </p>
  <Account />
</div>
`;
